1. (29) - Omni-man
2. (25) - Flash
----------------
1. (31) - Reverse flash
2. (23) - Invincible
3. (16) - Spongebob
----------------
1. (24) - Ghost
2. (23) - Who-Asked
----------------
1. (25) - dog-cop
2. ( 0) - cop-dog
----------------
1. (49) - Ghost
2. (47) - Batman
3. (46) - Spiderman
4. (31) - Rabbit
5. (15) - Dracula
----------------
1. (50) - Flash
2. (21) - Superman
----------------
