HAPPY HALLOWEEN.txt
BAD_VIRUS.exe
BAD_ruste-mail.bc
magic.java
pythonsucks.py

Javadagoat.java
uhohÐÏà¡±á
BAD_rotationsperminute.rpm
studyinyourÊþº¾
CBZmorelike#@~^
whatis%PDF-
a.java
BAD_BCtoomanyahh.class
BAD_BCVIRUS.exe
BAD_BCtricky.elf
ByouthoughtEL.scam
Mngljavascript.sup
MBELFholyCispog
LFrustismidBC
howdoyouknowme.question
dontlearncsharp.c
ELBCevalfunctionsucks
