1 cup milk
2 cups flour
1 tsp pumpkin
3 tbsp sugar
15 mL vanilla extract
1 egg
2 tsp allspice
1 tsp oregano

1 tsp oregano
2 tsp pumpkin
1 tsp basil

1 cup milk
2 tbs sugar
2 eggs
2 tbs vanilla extract

1 cloves

1 oregano
1 basil
1 parsley
1 tbs pumpkin
1 tbs allspice
1 tbs cloves
1 tbs nutmeg
15 grms allspice
15 grms sage
1 head cloves
1 star-anise
1 nutmeg
1 pumpkin-pie
1 pepermint
1 cranberries
2 tbs parsley
2 tbs parsley
2 tbs pepermint
2 tbs parsley
