Problem 1: 5
251 + 51 = 302
275 + 27 = 302
276 + 26 = 302
281 + 21 = 302
301 + 01 = 302
Problem 2: 5
250 + 50 = 300
273 + 27 = 300
275 + 25 = 300
280 + 20 = 300
300 + 00 = 300
Problem 3: 1
10 + 1 = 11
Problem 4: 13
905000000 + 95000000 = 1000000000
909050000 + 90950000 = 1000000000
909090500 + 90909500 = 1000000000
909090905 + 90909095 = 1000000000
909090910 + 90909090 = 1000000000
909090950 + 90909050 = 1000000000
909091000 + 90909000 = 1000000000
909095000 + 90905000 = 1000000000
909100000 + 90900000 = 1000000000
909500000 + 90500000 = 1000000000
910000000 + 90000000 = 1000000000
950000000 + 50000000 = 1000000000
1000000000 + 000000000 = 1000000000
Problem 5: 1
10 + 0 = 10
Problem 6: 1
909090909 + 90909090 = 999999999
Problem 7: 13
899999999 + 99999999 = 999999998
904999999 + 94999999 = 999999998
908999999 + 90999999 = 999999998
909049999 + 90949999 = 999999998
909089999 + 90909999 = 999999998
909090499 + 90909499 = 999999998
909090899 + 90909099 = 999999998
909090904 + 90909094 = 999999998
909090908 + 90909090 = 999999998
909090949 + 90909049 = 999999998
909094999 + 90904999 = 999999998
909499999 + 90499999 = 999999998
949999999 + 49999999 = 999999998
Problem 8: 13
697390948 + 97390948 = 794781896
717390948 + 77390948 = 794781896
721890948 + 72890948 = 794781896
722390948 + 72390948 = 794781896
722490948 + 72290948 = 794781896
722525948 + 72255948 = 794781896
722528948 + 72252948 = 794781896
722528997 + 72252899 = 794781896
722528998 + 72252898 = 794781896
722529448 + 72252448 = 794781896
722530948 + 72250948 = 794781896
722540948 + 72240948 = 794781896
747390948 + 47390948 = 794781896
Problem 9: 1
112233445 + 11223344 = 123456789
Problem 10: 13
794444444 + 94444444 = 888888888
804444444 + 84444444 = 888888888
807944444 + 80944444 = 888888888
808044444 + 80844444 = 888888888
808079444 + 80809444 = 888888888
808080444 + 80808444 = 888888888
808080794 + 80808094 = 888888888
808080804 + 80808084 = 888888888
808080808 + 80808080 = 888888888
808080844 + 80808044 = 888888888
808084444 + 80804444 = 888888888
808444444 + 80444444 = 888888888
844444444 + 44444444 = 888888888
Problem 11: 17
167283945 + 67283945 = 234567890
207283945 + 27283945 = 234567890
212283945 + 22283945 = 234567890
212783945 + 21783945 = 234567890
213183945 + 21383945 = 234567890
213233945 + 21333945 = 234567890
213238945 + 21328945 = 234567890
213242945 + 21324945 = 234567890
213243445 + 21324445 = 234567890
213243495 + 21324395 = 234567890
213243535 + 21324355 = 234567890
213243537 + 21324353 = 234567890
213243540 + 21324350 = 234567890
213243545 + 21324345 = 234567890
213243945 + 21323945 = 234567890
213283945 + 21283945 = 234567890
217283945 + 17283945 = 234567890
Problem 12: 1
897867565 + 89786756 = 987654321
Problem 13: 1
11 + 1 = 12
Problem 14: 17
725000004 + 75000004 = 800000008
727250004 + 72750004 = 800000008
727272504 + 72727504 = 800000008
727272729 + 72727279 = 800000008
727272734 + 72727274 = 800000008
727272735 + 72727273 = 800000008
727272754 + 72727254 = 800000008
727272804 + 72727204 = 800000008
727273004 + 72727004 = 800000008
727275004 + 72725004 = 800000008
727280004 + 72720004 = 800000008
727300004 + 72700004 = 800000008
727500004 + 72500004 = 800000008
728000004 + 72000004 = 800000008
730000004 + 70000004 = 800000008
750000004 + 50000004 = 800000008
800000004 + 00000004 = 800000008
Problem 15: 6
895038500 + 95038500 = 990077000
900038500 + 90038500 = 990077000
900068500 + 90008500 = 990077000
900070000 + 90007000 = 990077000
900073500 + 90003500 = 990077000
945038500 + 45038500 = 990077000
Problem 16: 8
100110165 + 10110165 = 110220330
100160165 + 10060165 = 110220330
100200165 + 10020165 = 110220330
100200265 + 10020065 = 110220330
100200300 + 10020030 = 110220330
100200315 + 10020015 = 110220330
100210165 + 10010165 = 110220330
105110165 + 05110165 = 110220330
Problem 17: 0
Problem 18: 0
